-- ARM GCC Toolchain loaded:
--   Compiler: C:/Program Files (x86)/Arm GNU Toolchain arm-none-eabi/14.2 rel1/bin/arm-none-eabi-gcc.exe
--   CPU:      cortex-m3
--   FPU:      
--   Float ABI: soft
-- ARM GCC Toolchain loaded:
--   Compiler: C:/Program Files (x86)/Arm GNU Toolchain arm-none-eabi/14.2 rel1/bin/arm-none-eabi-gcc.exe
--   CPU:      cortex-m3
--   FPU:      
--   Float ABI: soft
-- The C compiler identification is GNU 14.2.1
-- The CXX compiler identification is GNU 14.2.1
-- The ASM compiler identification is GNU
-- Found assembler: C:/Program Files (x86)/Arm GNU Toolchain arm-none-eabi/14.2 rel1/bin/arm-none-eabi-gcc.exe
-- Detecting C compiler ABI info
-- Detecting C compiler ABI info - done
-- Check for working C compiler: C:/Program Files (x86)/Arm GNU Toolchain arm-none-eabi/14.2 rel1/bin/arm-none-eabi-gcc.exe - skipped
-- Detecting C compile features
-- Detecting C compile features - done
-- Detecting CXX compiler ABI info
-- Detecting CXX compiler ABI info - done
-- Check for working CXX compiler: C:/Program Files (x86)/Arm GNU Toolchain arm-none-eabi/14.2 rel1/bin/arm-none-eabi-g++.exe - skipped
-- Detecting CXX compile features
-- Detecting CXX compile features - done
-- Board: STM32F103C8T6 Blue Pill
--   Flash: 64KB
--   RAM:   20KB
--   Core:  Cortex-M3 @ 72MHz (max)
-- Done
-- Configuring done (1.0s)
-- Generating done (0.0s)
-- Build files have been written to: E:/web/embedded/stm32/learning/lesson_10-2/build
